type test_unit = unit[@@deriving repr]
include struct let test_unit_t = Repr.Type.unit end[@@ocaml.doc "@inline"]
[@@merlin.hide ]
type test_bool = bool[@@deriving repr]
include struct let test_bool_t = Repr.Type.bool end[@@ocaml.doc "@inline"]
[@@merlin.hide ]
type test_char = char[@@deriving repr]
include struct let test_char_t = Repr.Type.char end[@@ocaml.doc "@inline"]
[@@merlin.hide ]
type test_int32 = int32[@@deriving repr]
include struct let test_int32_t = Repr.Type.int32 end[@@ocaml.doc "@inline"]
[@@merlin.hide ]
type test_int64 = int64[@@deriving repr]
include struct let test_int64_t = Repr.Type.int64 end[@@ocaml.doc "@inline"]
[@@merlin.hide ]
type test_float = float[@@deriving repr]
include struct let test_float_t = Repr.Type.float end[@@ocaml.doc "@inline"]
[@@merlin.hide ]
type test_string = string[@@deriving repr]
include struct let test_string_t = Repr.Type.string end[@@ocaml.doc
                                                         "@inline"][@@merlin.hide
                                                                    ]
