type test_record1 = {
  alpha: string ;
  beta: int64 list ;
  gamma: unit }[@@deriving irmin]
include
  struct
    let test_record1_t =
      Irmin_type.Type.sealr
        (Irmin_type.Type.(|+)
           (Irmin_type.Type.(|+)
              (Irmin_type.Type.(|+)
                 (Irmin_type.Type.record "test_record1"
                    (fun alpha ->
                       fun beta -> fun gamma -> { alpha; beta; gamma }))
                 (Irmin_type.Type.field "alpha" Irmin_type.Type.string
                    (fun t -> t.alpha)))
              (Irmin_type.Type.field "beta"
                 (Irmin_type.Type.list Irmin_type.Type.int64)
                 (fun t -> t.beta)))
           (Irmin_type.Type.field "gamma" Irmin_type.Type.unit
              (fun t -> t.gamma)))
  end[@@ocaml.doc "@inline"][@@merlin.hide ]
type test_record2 =
  {
  the_FIRST_identifier: test_record1 option ;
  the_SECOND_identifier: (string, int32) result list }[@@deriving irmin]
include
  struct
    let test_record2_t =
      Irmin_type.Type.sealr
        (Irmin_type.Type.(|+)
           (Irmin_type.Type.(|+)
              (Irmin_type.Type.record "test_record2"
                 (fun the_FIRST_identifier ->
                    fun the_SECOND_identifier ->
                      { the_FIRST_identifier; the_SECOND_identifier }))
              (Irmin_type.Type.field "the_FIRST_identifier"
                 (Irmin_type.Type.option test_record1_t)
                 (fun t -> t.the_FIRST_identifier)))
           (Irmin_type.Type.field "the_SECOND_identifier"
              (Irmin_type.Type.list
                 (Irmin_type.Type.result Irmin_type.Type.string
                    Irmin_type.Type.int32))
              (fun t -> t.the_SECOND_identifier)))
  end[@@ocaml.doc "@inline"][@@merlin.hide ]
